C51 COMPILER V9.50a   EX8                                                                  10/23/2012 15:00:55 PAGE 1   


C51 COMPILER V9.50a, COMPILATION OF MODULE EX8
OBJECT MODULE PLACED IN ex8.OBJ
COMPILER INVOKED BY: E:\Keil\C51\BIN\C51.EXE ex8.c BROWSE DEBUG OBJECTEXTEND

line level    source

   1          /*******************************************************************************  
   2          * 文件名称：定时器扫描按键实验
   3          * 实验目的：1.掌握通过定时器扫描按键键值的基本方法
   4          *           2.掌握51单片机定时器工作模式和配置方法
   5          * 程序说明：使用程序时，将跳线J2调整为BTN模式
   6          * 日期版本：2012-9-4/V1.0a 
   7          *******************************************************************************/
   8          
   9          #include "reg52.h"  //定义51单片机特殊功能寄存器
  10          #include "absacc.h"
  11          
  12          bit key_re;
  13          unsigned char key_press;
  14          unsigned char key_value;
  15          bit key_flag;
  16          unsigned char intr;
  17                                     //  0    1    2    3    4    5    6    7    8    9
  18          code unsigned char tab[] = { 0xc0,0xf9,0xa4,0xb0,0x99,0x92,0x82,0xf8,0x80,0x90,
  19                                       0xff};
  20          unsigned char dspbuf[8] = {10,10,10,10,10,0,0,0};  //显示缓冲区
  21          unsigned char dspcom = 0;
  22          
  23          unsigned char read_key(void);
  24          void display(void);
  25          
  26          //主函数
  27          void main(void)
  28          { 
  29   1          unsigned char key_temp;
  30   1              unsigned char num;
  31   1          
  32   1          P3 = 0xff;  //按键接口初始化
  33   1          
  34   1          TMOD |= 0x01;  //配置定时器工作模式
  35   1          TH0 = (65536-2000)/256;
  36   1          TL0 = (65536-2000)%256;  
  37   1          EA = 1;
  38   1          ET0 = 1;  //打开定时器中断
  39   1          TR0 = 1;  //启动定时器
  40   1          
  41   1          while(1)
  42   1          {
  43   2              if(key_flag)
  44   2              {
  45   3                  key_flag = 0;
  46   3                  key_temp = read_key();
  47   3              }        
  48   2              //进入按键处理程序部分
  49   2              switch(key_temp)
  50   2              {
  51   3                  case 1:
  52   3                                      num++;
  53   3                      break;
  54   3                  case 2:
  55   3                                      num--;
C51 COMPILER V9.50a   EX8                                                                  10/23/2012 15:00:55 PAGE 2   

  56   3                      break;      
  57   3              }
  58   2                      key_temp = 0;  //完成按键处理程序后，清除键值
  59   2                      
  60   2                      dspbuf[5] = num/100;
  61   2                      dspbuf[6] = num%100/10;
  62   2                      dspbuf[7] = num%10;
  63   2          }
  64   1      }
  65          
  66          //定时器中断服务函数
  67          void isr_timer_0(void)  interrupt 1  //默认中断优先级 1
  68          {
  69   1          TH0 = (65536-2000)/256;
  70   1          TL0 = (65536-2000)%256;  //定时器重载 
  71   1          display(); 
  72   1              if(++intr == 10)  //2ms执行一次
  73   1              {
  74   2              intr = 0;
  75   2                      key_flag = 1;  //20ms按键扫描标志位置1
  76   2          }
  77   1      }
  78          
  79          //读取键值
  80          unsigned char read_key(void)
  81          {
  82   1              
  83   1          unsigned char key_temp;
  84   1          
  85   1              key_temp = (P3&0x0f);
  86   1              
  87   1          if(key_temp != 0x0f) //有按键按下
  88   1              key_press++;
  89   1              else
  90   1                      key_press = 0;  //抖动
  91   1          
  92   1          if(key_press == 5)
  93   1          {
  94   2                      key_press = 0;
  95   2                      key_re = 1;
  96   2                      switch(key_temp)
  97   2              {
  98   3                  case 0x0e:
  99   3                      key_value = 1;  //
 100   3                      break;                
 101   3                  case 0x0d:
 102   3                      key_value = 2;  //
 103   3                      break;    
 104   3                  case 0x0b:
 105   3                      key_value = 3;  //
 106   3                      break;    
 107   3                  case 0x07:
 108   3                      key_value = 4;  //
 109   3                      break;
 110   3              }
 111   2          }
 112   1          //连续三次检测到按键被按下，并且该按键已经释放
 113   1          if((key_re == 1) && (key_temp == 0x0f))
 114   1          {
 115   2              key_re = 0;
 116   2              return key_value;
 117   2          }
C51 COMPILER V9.50a   EX8                                                                  10/23/2012 15:00:55 PAGE 3   

 118   1          
 119   1          return 0xff;  //无按键按下或被按下的按键未被释放    
 120   1      }
 121          
 122          //显示函数
 123          void display(void)
 124          {   
 125   1              XBYTE[0xE000] = 0xff;  //消隐
 126   1              
 127   1              XBYTE[0xC000] = (1<<dspcom);
 128   1          XBYTE[0xE000] = tab[dspbuf[dspcom]]; //段码
 129   1         
 130   1          if(++dspcom == 8){
 131   2              dspcom = 0;
 132   2          }   
 133   1      }


MODULE INFORMATION:   STATIC OVERLAYABLE
   CODE SIZE        =    278    ----
   CONSTANT SIZE    =     11    ----
   XDATA SIZE       =   ----    ----
   PDATA SIZE       =   ----    ----
   DATA SIZE        =     12       2
   IDATA SIZE       =   ----    ----
   BIT SIZE         =      2    ----
END OF MODULE INFORMATION.


C51 COMPILATION COMPLETE.  0 WARNING(S),  0 ERROR(S)
